Archive member included to satisfy reference by file (symbol)

c:/program files (x86)/atmel/studio/7.0/toolchain/avr8/avr8-gnu-toolchain/bin/../lib/gcc/avr/4.9.2/avr5\libgcc.a(_divmodhi4.o)
                              1wire/ds18x20.o (__divmodhi4)
c:/program files (x86)/atmel/studio/7.0/toolchain/avr8/avr8-gnu-toolchain/bin/../lib/gcc/avr/4.9.2/avr5\libgcc.a(_divmodsi4.o)
                              1wire/ds18x20.o (__divmodsi4)
c:/program files (x86)/atmel/studio/7.0/toolchain/avr8/avr8-gnu-toolchain/bin/../lib/gcc/avr/4.9.2/avr5\libgcc.a(_negsi2.o)
                              c:/program files (x86)/atmel/studio/7.0/toolchain/avr8/avr8-gnu-toolchain/bin/../lib/gcc/avr/4.9.2/avr5\libgcc.a(_divmodsi4.o) (__negsi2)
c:/program files (x86)/atmel/studio/7.0/toolchain/avr8/avr8-gnu-toolchain/bin/../lib/gcc/avr/4.9.2/avr5\libgcc.a(_exit.o)
                              C:/Program Files (x86)/Atmel/Studio/7.0/Packs/atmel/ATmega_DFP/1.1.130/gcc/dev/atmega328p/avr5/crtatmega328p.o (exit)
c:/program files (x86)/atmel/studio/7.0/toolchain/avr8/avr8-gnu-toolchain/bin/../lib/gcc/avr/4.9.2/avr5\libgcc.a(_copy_data.o)
                              1wire/ds18x20.o (__do_copy_data)
c:/program files (x86)/atmel/studio/7.0/toolchain/avr8/avr8-gnu-toolchain/bin/../lib/gcc/avr/4.9.2/avr5\libgcc.a(_clear_bss.o)
                              1wire/onewire.o (__do_clear_bss)
c:/program files (x86)/atmel/studio/7.0/toolchain/avr8/avr8-gnu-toolchain/bin/../lib/gcc/avr/4.9.2/avr5\libgcc.a(_umulhisi3.o)
                              1wire/ds18x20.o (__umulhisi3)
c:/program files (x86)/atmel/studio/7.0/toolchain/avr8/avr8-gnu-toolchain/bin/../lib/gcc/avr/4.9.2/avr5\libgcc.a(_udivmodhi4.o)
                              c:/program files (x86)/atmel/studio/7.0/toolchain/avr8/avr8-gnu-toolchain/bin/../lib/gcc/avr/4.9.2/avr5\libgcc.a(_divmodhi4.o) (__udivmodhi4)
c:/program files (x86)/atmel/studio/7.0/toolchain/avr8/avr8-gnu-toolchain/bin/../lib/gcc/avr/4.9.2/avr5\libgcc.a(_udivmodsi4.o)
                              c:/program files (x86)/atmel/studio/7.0/toolchain/avr8/avr8-gnu-toolchain/bin/../lib/gcc/avr/4.9.2/avr5\libgcc.a(_divmodsi4.o) (__udivmodsi4)
c:/program files (x86)/atmel/studio/7.0/toolchain/avr8/avr8-gnu-toolchain/bin/../lib/gcc/avr/4.9.2/../../../../avr/lib/avr5\libc.a(itoa_ncheck.o)
                              1wire/ds18x20.o (__itoa_ncheck)
c:/program files (x86)/atmel/studio/7.0/toolchain/avr8/avr8-gnu-toolchain/bin/../lib/gcc/avr/4.9.2/../../../../avr/lib/avr5\libc.a(ltoa_ncheck.o)
                              uart/uart_addon.o (__ltoa_ncheck)
c:/program files (x86)/atmel/studio/7.0/toolchain/avr8/avr8-gnu-toolchain/bin/../lib/gcc/avr/4.9.2/../../../../avr/lib/avr5\libc.a(ultoa_ncheck.o)
                              c:/program files (x86)/atmel/studio/7.0/toolchain/avr8/avr8-gnu-toolchain/bin/../lib/gcc/avr/4.9.2/../../../../avr/lib/avr5\libc.a(ltoa_ncheck.o) (__ultoa_common)
c:/program files (x86)/atmel/studio/7.0/toolchain/avr8/avr8-gnu-toolchain/bin/../lib/gcc/avr/4.9.2/../../../../avr/lib/avr5\libc.a(utoa_ncheck.o)
                              uart/uart_addon.o (__utoa_ncheck)
c:/program files (x86)/atmel/studio/7.0/toolchain/avr8/avr8-gnu-toolchain/bin/../lib/gcc/avr/4.9.2/../../../../avr/lib/avr5\libc.a(strrev.o)
                              c:/program files (x86)/atmel/studio/7.0/toolchain/avr8/avr8-gnu-toolchain/bin/../lib/gcc/avr/4.9.2/../../../../avr/lib/avr5\libc.a(ultoa_ncheck.o) (strrev)

Allocating common symbols
Common symbol       size              file

OW_OUT              0x2               1wire/onewire.o
OW_PIN_MASK         0x1               1wire/onewire.o
OW_IN               0x2               1wire/onewire.o
OW_DDR              0x2               1wire/onewire.o
gSensorIDs          0x8               main.o

Discarded input sections

 .data          0x00000000        0x0 C:/Program Files (x86)/Atmel/Studio/7.0/Packs/atmel/ATmega_DFP/1.1.130/gcc/dev/atmega328p/avr5/crtatmega328p.o
 .bss           0x00000000        0x0 C:/Program Files (x86)/Atmel/Studio/7.0/Packs/atmel/ATmega_DFP/1.1.130/gcc/dev/atmega328p/avr5/crtatmega328p.o
 .text          0x00000000        0x0 1wire/crc8.o
 .data          0x00000000        0x0 1wire/crc8.o
 .bss           0x00000000        0x0 1wire/crc8.o
 .text          0x00000000        0x0 1wire/ds18x20.o
 .data          0x00000000        0x0 1wire/ds18x20.o
 .bss           0x00000000        0x0 1wire/ds18x20.o
 .text.DS18X20_raw_to_maxres
                0x00000000       0xf0 1wire/ds18x20.o
 .text.DS18X20_conversion_in_progress
                0x00000000       0x10 1wire/ds18x20.o
 .text.DS18X20_format_from_decicelsius
                0x00000000      0x106 1wire/ds18x20.o
 .rodata.str1.1
                0x00000000        0x2 1wire/ds18x20.o
 .text.DS18X20_read_meas_all_verbose
                0x00000000      0x35e 1wire/ds18x20.o
 .text.DS18X20_read_decicelsius
                0x00000000       0x6c 1wire/ds18x20.o
 .text.DS18X20_read_maxres
                0x00000000       0x70 1wire/ds18x20.o
 .text.DS18X20_read_maxres_single
                0x00000000       0x68 1wire/ds18x20.o
 .text.DS18X20_format_from_maxres
                0x00000000      0x16a 1wire/ds18x20.o
 .text.DS18X20_write_scratchpad
                0x00000000       0x60 1wire/ds18x20.o
 .text.DS18X20_read_scratchpad
                0x00000000       0x3e 1wire/ds18x20.o
 .text.DS18X20_scratchpad_to_eeprom
                0x00000000       0x60 1wire/ds18x20.o
 .text.DS18X20_eeprom_to_scratchpad
                0x00000000       0x54 1wire/ds18x20.o
 .progmem.data.__c.2444
                0x00000000       0x23 1wire/ds18x20.o
 .progmem.data.__c.2442
                0x00000000       0x1d 1wire/ds18x20.o
 .progmem.data.__c.2432
                0x00000000       0x29 1wire/ds18x20.o
 .progmem.data.__c.2425
                0x00000000       0x29 1wire/ds18x20.o
 .progmem.data.__c.2417
                0x00000000       0x2a 1wire/ds18x20.o
 .progmem.data.__c.2240
                0x00000000        0x3 1wire/ds18x20.o
 .progmem.data.__c.2235
                0x00000000        0x2 1wire/ds18x20.o
 .progmem.data.__c.2233
                0x00000000        0x2 1wire/ds18x20.o
 .progmem.data.__c.2212
                0x00000000        0x2 1wire/ds18x20.o
 .progmem.data.__c.2210
                0x00000000        0x5 1wire/ds18x20.o
 .progmem.data.__c.2208
                0x00000000        0x4 1wire/ds18x20.o
 .progmem.data.__c.2295
                0x00000000        0x2 1wire/ds18x20.o
 .progmem.data.__c.2290
                0x00000000        0x5 1wire/ds18x20.o
 .progmem.data.__c.2288
                0x00000000        0x7 1wire/ds18x20.o
 .progmem.data.__c.2286
                0x00000000        0x9 1wire/ds18x20.o
 .progmem.data.__c.2284
                0x00000000        0x8 1wire/ds18x20.o
 .progmem.data.__c.2282
                0x00000000        0xc 1wire/ds18x20.o
 .progmem.data.__c.2280
                0x00000000        0x2 1wire/ds18x20.o
 .progmem.data.__c.2278
                0x00000000        0x7 1wire/ds18x20.o
 .progmem.data.__c.2276
                0x00000000        0x9 1wire/ds18x20.o
 .progmem.data.__c.2274
                0x00000000        0x7 1wire/ds18x20.o
 .progmem.data.__c.2272
                0x00000000        0x7 1wire/ds18x20.o
 .progmem.data.__c.2270
                0x00000000        0x7 1wire/ds18x20.o
 .progmem.data.__c.2268
                0x00000000        0x2 1wire/ds18x20.o
 .progmem.data.__c.2266
                0x00000000        0x8 1wire/ds18x20.o
 .progmem.data.__c.2264
                0x00000000        0xb 1wire/ds18x20.o
 .progmem.data.__c.2262
                0x00000000        0xb 1wire/ds18x20.o
 .progmem.data.__c.2257
                0x00000000        0xb 1wire/ds18x20.o
 .progmem.data.__c.2255
                0x00000000       0x11 1wire/ds18x20.o
 .text          0x00000000        0x0 1wire/onewire.o
 .data          0x00000000        0x0 1wire/onewire.o
 .bss           0x00000000        0x0 1wire/onewire.o
 .text.ow_parasite_disable
                0x00000000       0x2a 1wire/onewire.o
 .text          0x00000000        0x0 main.o
 .data          0x00000000        0x0 main.o
 .bss           0x00000000        0x0 main.o
 .text.demo_sensor
                0x00000000       0xac main.o
 .text.initGenerator
                0x00000000        0x4 main.o
 .progmem.data.__c.2399
                0x00000000        0x4 main.o
 .progmem.data.__c.2397
                0x00000000        0xa main.o
 .progmem.data.__c.2372
                0x00000000        0x3 main.o
 .progmem.data.__c.2370
                0x00000000        0x3 main.o
 .progmem.data.__c.2368
                0x00000000       0x4b main.o
 .text          0x00000000        0x0 uart/uart.o
 .data          0x00000000        0x0 uart/uart.o
 .bss           0x00000000        0x0 uart/uart.o
 .text.uart_getc
                0x00000000       0x36 uart/uart.o
 .text          0x00000000        0x0 uart/uart_addon.o
 .data          0x00000000        0x0 uart/uart_addon.o
 .bss           0x00000000        0x0 uart/uart_addon.o
 .text.uart_put_longint
                0x00000000       0x36 uart/uart_addon.o
 .text.uart_put_ulongint
                0x00000000       0x3a uart/uart_addon.o
 .text.uart_puthex_long
                0x00000000       0x2c uart/uart_addon.o
 .text.uart_putbin_byte
                0x00000000       0x3e uart/uart_addon.o
 .text          0x00000000        0x0 c:/program files (x86)/atmel/studio/7.0/toolchain/avr8/avr8-gnu-toolchain/bin/../lib/gcc/avr/4.9.2/avr5\libgcc.a(_divmodhi4.o)
 .data          0x00000000        0x0 c:/program files (x86)/atmel/studio/7.0/toolchain/avr8/avr8-gnu-toolchain/bin/../lib/gcc/avr/4.9.2/avr5\libgcc.a(_divmodhi4.o)
 .bss           0x00000000        0x0 c:/program files (x86)/atmel/studio/7.0/toolchain/avr8/avr8-gnu-toolchain/bin/../lib/gcc/avr/4.9.2/avr5\libgcc.a(_divmodhi4.o)
 .text.libgcc.mul
                0x00000000        0x0 c:/program files (x86)/atmel/studio/7.0/toolchain/avr8/avr8-gnu-toolchain/bin/../lib/gcc/avr/4.9.2/avr5\libgcc.a(_divmodhi4.o)
 .text.libgcc.div
                0x00000000       0x28 c:/program files (x86)/atmel/studio/7.0/toolchain/avr8/avr8-gnu-toolchain/bin/../lib/gcc/avr/4.9.2/avr5\libgcc.a(_divmodhi4.o)
 .text.libgcc   0x00000000        0x0 c:/program files (x86)/atmel/studio/7.0/toolchain/avr8/avr8-gnu-toolchain/bin/../lib/gcc/avr/4.9.2/avr5\libgcc.a(_divmodhi4.o)
 .text.libgcc.prologue
                0x00000000        0x0 c:/program files (x86)/atmel/studio/7.0/toolchain/avr8/avr8-gnu-toolchain/bin/../lib/gcc/avr/4.9.2/avr5\libgcc.a(_divmodhi4.o)
 .text.libgcc.builtins
                0x00000000        0x0 c:/program files (x86)/atmel/studio/7.0/toolchain/avr8/avr8-gnu-toolchain/bin/../lib/gcc/avr/4.9.2/avr5\libgcc.a(_divmodhi4.o)
 .text.libgcc.fmul
                0x00000000        0x0 c:/program files (x86)/atmel/studio/7.0/toolchain/avr8/avr8-gnu-toolchain/bin/../lib/gcc/avr/4.9.2/avr5\libgcc.a(_divmodhi4.o)
 .text.libgcc.fixed
                0x00000000        0x0 c:/program files (x86)/atmel/studio/7.0/toolchain/avr8/avr8-gnu-toolchain/bin/../lib/gcc/avr/4.9.2/avr5\libgcc.a(_divmodhi4.o)
 .text          0x00000000        0x0 c:/program files (x86)/atmel/studio/7.0/toolchain/avr8/avr8-gnu-toolchain/bin/../lib/gcc/avr/4.9.2/avr5\libgcc.a(_divmodsi4.o)
 .data          0x00000000        0x0 c:/program files (x86)/atmel/studio/7.0/toolchain/avr8/avr8-gnu-toolchain/bin/../lib/gcc/avr/4.9.2/avr5\libgcc.a(_divmodsi4.o)
 .bss           0x00000000        0x0 c:/program files (x86)/atmel/studio/7.0/toolchain/avr8/avr8-gnu-toolchain/bin/../lib/gcc/avr/4.9.2/avr5\libgcc.a(_divmodsi4.o)
 .text.libgcc.mul
                0x00000000        0x0 c:/program files (x86)/atmel/studio/7.0/toolchain/avr8/avr8-gnu-toolchain/bin/../lib/gcc/avr/4.9.2/avr5\libgcc.a(_divmodsi4.o)
 .text.libgcc.div
                0x00000000       0x2e c:/program files (x86)/atmel/studio/7.0/toolchain/avr8/avr8-gnu-toolchain/bin/../lib/gcc/avr/4.9.2/avr5\libgcc.a(_divmodsi4.o)
 .text.libgcc   0x00000000        0x0 c:/program files (x86)/atmel/studio/7.0/toolchain/avr8/avr8-gnu-toolchain/bin/../lib/gcc/avr/4.9.2/avr5\libgcc.a(_divmodsi4.o)
 .text.libgcc.prologue
                0x00000000        0x0 c:/program files (x86)/atmel/studio/7.0/toolchain/avr8/avr8-gnu-toolchain/bin/../lib/gcc/avr/4.9.2/avr5\libgcc.a(_divmodsi4.o)
 .text.libgcc.builtins
                0x00000000        0x0 c:/program files (x86)/atmel/studio/7.0/toolchain/avr8/avr8-gnu-toolchain/bin/../lib/gcc/avr/4.9.2/avr5\libgcc.a(_divmodsi4.o)
 .text.libgcc.fmul
                0x00000000        0x0 c:/program files (x86)/atmel/studio/7.0/toolchain/avr8/avr8-gnu-toolchain/bin/../lib/gcc/avr/4.9.2/avr5\libgcc.a(_divmodsi4.o)
 .text.libgcc.fixed
                0x00000000        0x0 c:/program files (x86)/atmel/studio/7.0/toolchain/avr8/avr8-gnu-toolchain/bin/../lib/gcc/avr/4.9.2/avr5\libgcc.a(_divmodsi4.o)
 .text          0x00000000        0x0 c:/program files (x86)/atmel/studio/7.0/toolchain/avr8/avr8-gnu-toolchain/bin/../lib/gcc/avr/4.9.2/avr5\libgcc.a(_negsi2.o)
 .data          0x00000000        0x0 c:/program files (x86)/atmel/studio/7.0/toolchain/avr8/avr8-gnu-toolchain/bin/../lib/gcc/avr/4.9.2/avr5\libgcc.a(_negsi2.o)
 .bss           0x00000000        0x0 c:/program files (x86)/atmel/studio/7.0/toolchain/avr8/avr8-gnu-toolchain/bin/../lib/gcc/avr/4.9.2/avr5\libgcc.a(_negsi2.o)
 .text.libgcc.mul
                0x00000000        0x0 c:/program files (x86)/atmel/studio/7.0/toolchain/avr8/avr8-gnu-toolchain/bin/../lib/gcc/avr/4.9.2/avr5\libgcc.a(_negsi2.o)
 .text.libgcc.div
                0x00000000       0x10 c:/program files (x86)/atmel/studio/7.0/toolchain/avr8/avr8-gnu-toolchain/bin/../lib/gcc/avr/4.9.2/avr5\libgcc.a(_negsi2.o)
 .text.libgcc   0x00000000        0x0 c:/program files (x86)/atmel/studio/7.0/toolchain/avr8/avr8-gnu-toolchain/bin/../lib/gcc/avr/4.9.2/avr5\libgcc.a(_negsi2.o)
 .text.libgcc.prologue
                0x00000000        0x0 c:/program files (x86)/atmel/studio/7.0/toolchain/avr8/avr8-gnu-toolchain/bin/../lib/gcc/avr/4.9.2/avr5\libgcc.a(_negsi2.o)
 .text.libgcc.builtins
                0x00000000        0x0 c:/program files (x86)/atmel/studio/7.0/toolchain/avr8/avr8-gnu-toolchain/bin/../lib/gcc/avr/4.9.2/avr5\libgcc.a(_negsi2.o)
 .text.libgcc.fmul
                0x00000000        0x0 c:/program files (x86)/atmel/studio/7.0/toolchain/avr8/avr8-gnu-toolchain/bin/../lib/gcc/avr/4.9.2/avr5\libgcc.a(_negsi2.o)
 .text.libgcc.fixed
                0x00000000        0x0 c:/program files (x86)/atmel/studio/7.0/toolchain/avr8/avr8-gnu-toolchain/bin/../lib/gcc/avr/4.9.2/avr5\libgcc.a(_negsi2.o)
 .text          0x00000000        0x0 c:/program files (x86)/atmel/studio/7.0/toolchain/avr8/avr8-gnu-toolchain/bin/../lib/gcc/avr/4.9.2/avr5\libgcc.a(_exit.o)
 .data          0x00000000        0x0 c:/program files (x86)/atmel/studio/7.0/toolchain/avr8/avr8-gnu-toolchain/bin/../lib/gcc/avr/4.9.2/avr5\libgcc.a(_exit.o)
 .bss           0x00000000        0x0 c:/program files (x86)/atmel/studio/7.0/toolchain/avr8/avr8-gnu-toolchain/bin/../lib/gcc/avr/4.9.2/avr5\libgcc.a(_exit.o)
 .text.libgcc.mul
                0x00000000        0x0 c:/program files (x86)/atmel/studio/7.0/toolchain/avr8/avr8-gnu-toolchain/bin/../lib/gcc/avr/4.9.2/avr5\libgcc.a(_exit.o)
 .text.libgcc.div
                0x00000000        0x0 c:/program files (x86)/atmel/studio/7.0/toolchain/avr8/avr8-gnu-toolchain/bin/../lib/gcc/avr/4.9.2/avr5\libgcc.a(_exit.o)
 .text.libgcc   0x00000000        0x0 c:/program files (x86)/atmel/studio/7.0/toolchain/avr8/avr8-gnu-toolchain/bin/../lib/gcc/avr/4.9.2/avr5\libgcc.a(_exit.o)
 .text.libgcc.prologue
                0x00000000        0x0 c:/program files (x86)/atmel/studio/7.0/toolchain/avr8/avr8-gnu-toolchain/bin/../lib/gcc/avr/4.9.2/avr5\libgcc.a(_exit.o)
 .text.libgcc.builtins
                0x00000000        0x0 c:/program files (x86)/atmel/studio/7.0/toolchain/avr8/avr8-gnu-toolchain/bin/../lib/gcc/avr/4.9.2/avr5\libgcc.a(_exit.o)
 .text.libgcc.fmul
                0x00000000        0x0 c:/program files (x86)/atmel/studio/7.0/toolchain/avr8/avr8-gnu-toolchain/bin/../lib/gcc/avr/4.9.2/avr5\libgcc.a(_exit.o)
 .text.libgcc.fixed
                0x00000000        0x0 c:/program files (x86)/atmel/studio/7.0/toolchain/avr8/avr8-gnu-toolchain/bin/../lib/gcc/avr/4.9.2/avr5\libgcc.a(_exit.o)
 .text          0x00000000        0x0 c:/program files (x86)/atmel/studio/7.0/toolchain/avr8/avr8-gnu-toolchain/bin/../lib/gcc/avr/4.9.2/avr5\libgcc.a(_copy_data.o)
 .data          0x00000000        0x0 c:/program files (x86)/atmel/studio/7.0/toolchain/avr8/avr8-gnu-toolchain/bin/../lib/gcc/avr/4.9.2/avr5\libgcc.a(_copy_data.o)
 .bss           0x00000000        0x0 c:/program files (x86)/atmel/studio/7.0/toolchain/avr8/avr8-gnu-toolchain/bin/../lib/gcc/avr/4.9.2/avr5\libgcc.a(_copy_data.o)
 .text.libgcc.mul
                0x00000000        0x0 c:/program files (x86)/atmel/studio/7.0/toolchain/avr8/avr8-gnu-toolchain/bin/../lib/gcc/avr/4.9.2/avr5\libgcc.a(_copy_data.o)
 .text.libgcc.div
                0x00000000        0x0 c:/program files (x86)/atmel/studio/7.0/toolchain/avr8/avr8-gnu-toolchain/bin/../lib/gcc/avr/4.9.2/avr5\libgcc.a(_copy_data.o)
 .text.libgcc   0x00000000        0x0 c:/program files (x86)/atmel/studio/7.0/toolchain/avr8/avr8-gnu-toolchain/bin/../lib/gcc/avr/4.9.2/avr5\libgcc.a(_copy_data.o)
 .text.libgcc.prologue
                0x00000000        0x0 c:/program files (x86)/atmel/studio/7.0/toolchain/avr8/avr8-gnu-toolchain/bin/../lib/gcc/avr/4.9.2/avr5\libgcc.a(_copy_data.o)
 .text.libgcc.builtins
                0x00000000        0x0 c:/program files (x86)/atmel/studio/7.0/toolchain/avr8/avr8-gnu-toolchain/bin/../lib/gcc/avr/4.9.2/avr5\libgcc.a(_copy_data.o)
 .text.libgcc.fmul
                0x00000000        0x0 c:/program files (x86)/atmel/studio/7.0/toolchain/avr8/avr8-gnu-toolchain/bin/../lib/gcc/avr/4.9.2/avr5\libgcc.a(_copy_data.o)
 .text.libgcc.fixed
                0x00000000        0x0 c:/program files (x86)/atmel/studio/7.0/toolchain/avr8/avr8-gnu-toolchain/bin/../lib/gcc/avr/4.9.2/avr5\libgcc.a(_copy_data.o)
 .text          0x00000000        0x0 c:/program files (x86)/atmel/studio/7.0/toolchain/avr8/avr8-gnu-toolchain/bin/../lib/gcc/avr/4.9.2/avr5\libgcc.a(_clear_bss.o)
 .data          0x00000000        0x0 c:/program files (x86)/atmel/studio/7.0/toolchain/avr8/avr8-gnu-toolchain/bin/../lib/gcc/avr/4.9.2/avr5\libgcc.a(_clear_bss.o)
 .bss           0x00000000        0x0 c:/program files (x86)/atmel/studio/7.0/toolchain/avr8/avr8-gnu-toolchain/bin/../lib/gcc/avr/4.9.2/avr5\libgcc.a(_clear_bss.o)
 .text.libgcc.mul
                0x00000000        0x0 c:/program files (x86)/atmel/studio/7.0/toolchain/avr8/avr8-gnu-toolchain/bin/../lib/gcc/avr/4.9.2/avr5\libgcc.a(_clear_bss.o)
 .text.libgcc.div
                0x00000000        0x0 c:/program files (x86)/atmel/studio/7.0/toolchain/avr8/avr8-gnu-toolchain/bin/../lib/gcc/avr/4.9.2/avr5\libgcc.a(_clear_bss.o)
 .text.libgcc   0x00000000        0x0 c:/program files (x86)/atmel/studio/7.0/toolchain/avr8/avr8-gnu-toolchain/bin/../lib/gcc/avr/4.9.2/avr5\libgcc.a(_clear_bss.o)
 .text.libgcc.prologue
                0x00000000        0x0 c:/program files (x86)/atmel/studio/7.0/toolchain/avr8/avr8-gnu-toolchain/bin/../lib/gcc/avr/4.9.2/avr5\libgcc.a(_clear_bss.o)
 .text.libgcc.builtins
                0x00000000        0x0 c:/program files (x86)/atmel/studio/7.0/toolchain/avr8/avr8-gnu-toolchain/bin/../lib/gcc/avr/4.9.2/avr5\libgcc.a(_clear_bss.o)
 .text.libgcc.fmul
                0x00000000        0x0 c:/program files (x86)/atmel/studio/7.0/toolchain/avr8/avr8-gnu-toolchain/bin/../lib/gcc/avr/4.9.2/avr5\libgcc.a(_clear_bss.o)
 .text.libgcc.fixed
                0x00000000        0x0 c:/program files (x86)/atmel/studio/7.0/toolchain/avr8/avr8-gnu-toolchain/bin/../lib/gcc/avr/4.9.2/avr5\libgcc.a(_clear_bss.o)
 .text          0x00000000        0x0 c:/program files (x86)/atmel/studio/7.0/toolchain/avr8/avr8-gnu-toolchain/bin/../lib/gcc/avr/4.9.2/avr5\libgcc.a(_umulhisi3.o)
 .data          0x00000000        0x0 c:/program files (x86)/atmel/studio/7.0/toolchain/avr8/avr8-gnu-toolchain/bin/../lib/gcc/avr/4.9.2/avr5\libgcc.a(_umulhisi3.o)
 .bss           0x00000000        0x0 c:/program files (x86)/atmel/studio/7.0/toolchain/avr8/avr8-gnu-toolchain/bin/../lib/gcc/avr/4.9.2/avr5\libgcc.a(_umulhisi3.o)
 .text.libgcc.div
                0x00000000        0x0 c:/program files (x86)/atmel/studio/7.0/toolchain/avr8/avr8-gnu-toolchain/bin/../lib/gcc/avr/4.9.2/avr5\libgcc.a(_umulhisi3.o)
 .text.libgcc   0x00000000        0x0 c:/program files (x86)/atmel/studio/7.0/toolchain/avr8/avr8-gnu-toolchain/bin/../lib/gcc/avr/4.9.2/avr5\libgcc.a(_umulhisi3.o)
 .text.libgcc.prologue
                0x00000000        0x0 c:/program files (x86)/atmel/studio/7.0/toolchain/avr8/avr8-gnu-toolchain/bin/../lib/gcc/avr/4.9.2/avr5\libgcc.a(_umulhisi3.o)
 .text.libgcc.builtins
                0x00000000        0x0 c:/program files (x86)/atmel/studio/7.0/toolchain/avr8/avr8-gnu-toolchain/bin/../lib/gcc/avr/4.9.2/avr5\libgcc.a(_umulhisi3.o)
 .text.libgcc.fmul
                0x00000000        0x0 c:/program files (x86)/atmel/studio/7.0/toolchain/avr8/avr8-gnu-toolchain/bin/../lib/gcc/avr/4.9.2/avr5\libgcc.a(_umulhisi3.o)
 .text.libgcc.fixed
                0x00000000        0x0 c:/program files (x86)/atmel/studio/7.0/toolchain/avr8/avr8-gnu-toolchain/bin/../lib/gcc/avr/4.9.2/avr5\libgcc.a(_umulhisi3.o)
 .text          0x00000000        0x0 c:/program files (x86)/atmel/studio/7.0/toolchain/avr8/avr8-gnu-toolchain/bin/../lib/gcc/avr/4.9.2/avr5\libgcc.a(_udivmodhi4.o)
 .data          0x00000000        0x0 c:/program files (x86)/atmel/studio/7.0/toolchain/avr8/avr8-gnu-toolchain/bin/../lib/gcc/avr/4.9.2/avr5\libgcc.a(_udivmodhi4.o)
 .bss           0x00000000        0x0 c:/program files (x86)/atmel/studio/7.0/toolchain/avr8/avr8-gnu-toolchain/bin/../lib/gcc/avr/4.9.2/avr5\libgcc.a(_udivmodhi4.o)
 .text.libgcc.mul
                0x00000000        0x0 c:/program files (x86)/atmel/studio/7.0/toolchain/avr8/avr8-gnu-toolchain/bin/../lib/gcc/avr/4.9.2/avr5\libgcc.a(_udivmodhi4.o)
 .text.libgcc.div
                0x00000000       0x28 c:/program files (x86)/atmel/studio/7.0/toolchain/avr8/avr8-gnu-toolchain/bin/../lib/gcc/avr/4.9.2/avr5\libgcc.a(_udivmodhi4.o)
 .text.libgcc   0x00000000        0x0 c:/program files (x86)/atmel/studio/7.0/toolchain/avr8/avr8-gnu-toolchain/bin/../lib/gcc/avr/4.9.2/avr5\libgcc.a(_udivmodhi4.o)
 .text.libgcc.prologue
                0x00000000        0x0 c:/program files (x86)/atmel/studio/7.0/toolchain/avr8/avr8-gnu-toolchain/bin/../lib/gcc/avr/4.9.2/avr5\libgcc.a(_udivmodhi4.o)
 .text.libgcc.builtins
                0x00000000        0x0 c:/program files (x86)/atmel/studio/7.0/toolchain/avr8/avr8-gnu-toolchain/bin/../lib/gcc/avr/4.9.2/avr5\libgcc.a(_udivmodhi4.o)
 .text.libgcc.fmul
                0x00000000        0x0 c:/program files (x86)/atmel/studio/7.0/toolchain/avr8/avr8-gnu-toolchain/bin/../lib/gcc/avr/4.9.2/avr5\libgcc.a(_udivmodhi4.o)
 .text.libgcc.fixed
                0x00000000        0x0 c:/program files (x86)/atmel/studio/7.0/toolchain/avr8/avr8-gnu-toolchain/bin/../lib/gcc/avr/4.9.2/avr5\libgcc.a(_udivmodhi4.o)
 .text          0x00000000        0x0 c:/program files (x86)/atmel/studio/7.0/toolchain/avr8/avr8-gnu-toolchain/bin/../lib/gcc/avr/4.9.2/avr5\libgcc.a(_udivmodsi4.o)
 .data          0x00000000        0x0 c:/program files (x86)/atmel/studio/7.0/toolchain/avr8/avr8-gnu-toolchain/bin/../lib/gcc/avr/4.9.2/avr5\libgcc.a(_udivmodsi4.o)
 .bss           0x00000000        0x0 c:/program files (x86)/atmel/studio/7.0/toolchain/avr8/avr8-gnu-toolchain/bin/../lib/gcc/avr/4.9.2/avr5\libgcc.a(_udivmodsi4.o)
 .text.libgcc.mul
                0x00000000        0x0 c:/program files (x86)/atmel/studio/7.0/toolchain/avr8/avr8-gnu-toolchain/bin/../lib/gcc/avr/4.9.2/avr5\libgcc.a(_udivmodsi4.o)
 .text.libgcc.div
                0x00000000       0x44 c:/program files (x86)/atmel/studio/7.0/toolchain/avr8/avr8-gnu-toolchain/bin/../lib/gcc/avr/4.9.2/avr5\libgcc.a(_udivmodsi4.o)
 .text.libgcc   0x00000000        0x0 c:/program files (x86)/atmel/studio/7.0/toolchain/avr8/avr8-gnu-toolchain/bin/../lib/gcc/avr/4.9.2/avr5\libgcc.a(_udivmodsi4.o)
 .text.libgcc.prologue
                0x00000000        0x0 c:/program files (x86)/atmel/studio/7.0/toolchain/avr8/avr8-gnu-toolchain/bin/../lib/gcc/avr/4.9.2/avr5\libgcc.a(_udivmodsi4.o)
 .text.libgcc.builtins
                0x00000000        0x0 c:/program files (x86)/atmel/studio/7.0/toolchain/avr8/avr8-gnu-toolchain/bin/../lib/gcc/avr/4.9.2/avr5\libgcc.a(_udivmodsi4.o)
 .text.libgcc.fmul
                0x00000000        0x0 c:/program files (x86)/atmel/studio/7.0/toolchain/avr8/avr8-gnu-toolchain/bin/../lib/gcc/avr/4.9.2/avr5\libgcc.a(_udivmodsi4.o)
 .text.libgcc.fixed
                0x00000000        0x0 c:/program files (x86)/atmel/studio/7.0/toolchain/avr8/avr8-gnu-toolchain/bin/../lib/gcc/avr/4.9.2/avr5\libgcc.a(_udivmodsi4.o)
 .text          0x00000000        0x0 c:/program files (x86)/atmel/studio/7.0/toolchain/avr8/avr8-gnu-toolchain/bin/../lib/gcc/avr/4.9.2/../../../../avr/lib/avr5\libc.a(itoa_ncheck.o)
 .data          0x00000000        0x0 c:/program files (x86)/atmel/studio/7.0/toolchain/avr8/avr8-gnu-toolchain/bin/../lib/gcc/avr/4.9.2/../../../../avr/lib/avr5\libc.a(itoa_ncheck.o)
 .bss           0x00000000        0x0 c:/program files (x86)/atmel/studio/7.0/toolchain/avr8/avr8-gnu-toolchain/bin/../lib/gcc/avr/4.9.2/../../../../avr/lib/avr5\libc.a(itoa_ncheck.o)
 .text          0x00000000        0x0 c:/program files (x86)/atmel/studio/7.0/toolchain/avr8/avr8-gnu-toolchain/bin/../lib/gcc/avr/4.9.2/../../../../avr/lib/avr5\libc.a(ltoa_ncheck.o)
 .data          0x00000000        0x0 c:/program files (x86)/atmel/studio/7.0/toolchain/avr8/avr8-gnu-toolchain/bin/../lib/gcc/avr/4.9.2/../../../../avr/lib/avr5\libc.a(ltoa_ncheck.o)
 .bss           0x00000000        0x0 c:/program files (x86)/atmel/studio/7.0/toolchain/avr8/avr8-gnu-toolchain/bin/../lib/gcc/avr/4.9.2/../../../../avr/lib/avr5\libc.a(ltoa_ncheck.o)
 .text.avr-libc
                0x00000000       0x1e c:/program files (x86)/atmel/studio/7.0/toolchain/avr8/avr8-gnu-toolchain/bin/../lib/gcc/avr/4.9.2/../../../../avr/lib/avr5\libc.a(ltoa_ncheck.o)
 .text          0x00000000        0x0 c:/program files (x86)/atmel/studio/7.0/toolchain/avr8/avr8-gnu-toolchain/bin/../lib/gcc/avr/4.9.2/../../../../avr/lib/avr5\libc.a(ultoa_ncheck.o)
 .data          0x00000000        0x0 c:/program files (x86)/atmel/studio/7.0/toolchain/avr8/avr8-gnu-toolchain/bin/../lib/gcc/avr/4.9.2/../../../../avr/lib/avr5\libc.a(ultoa_ncheck.o)
 .bss           0x00000000        0x0 c:/program files (x86)/atmel/studio/7.0/toolchain/avr8/avr8-gnu-toolchain/bin/../lib/gcc/avr/4.9.2/../../../../avr/lib/avr5\libc.a(ultoa_ncheck.o)
 .text.avr-libc
                0x00000000       0x44 c:/program files (x86)/atmel/studio/7.0/toolchain/avr8/avr8-gnu-toolchain/bin/../lib/gcc/avr/4.9.2/../../../../avr/lib/avr5\libc.a(ultoa_ncheck.o)
 .text          0x00000000        0x0 c:/program files (x86)/atmel/studio/7.0/toolchain/avr8/avr8-gnu-toolchain/bin/../lib/gcc/avr/4.9.2/../../../../avr/lib/avr5\libc.a(utoa_ncheck.o)
 .data          0x00000000        0x0 c:/program files (x86)/atmel/studio/7.0/toolchain/avr8/avr8-gnu-toolchain/bin/../lib/gcc/avr/4.9.2/../../../../avr/lib/avr5\libc.a(utoa_ncheck.o)
 .bss           0x00000000        0x0 c:/program files (x86)/atmel/studio/7.0/toolchain/avr8/avr8-gnu-toolchain/bin/../lib/gcc/avr/4.9.2/../../../../avr/lib/avr5\libc.a(utoa_ncheck.o)
 .text          0x00000000        0x0 c:/program files (x86)/atmel/studio/7.0/toolchain/avr8/avr8-gnu-toolchain/bin/../lib/gcc/avr/4.9.2/../../../../avr/lib/avr5\libc.a(strrev.o)
 .data          0x00000000        0x0 c:/program files (x86)/atmel/studio/7.0/toolchain/avr8/avr8-gnu-toolchain/bin/../lib/gcc/avr/4.9.2/../../../../avr/lib/avr5\libc.a(strrev.o)
 .bss           0x00000000        0x0 c:/program files (x86)/atmel/studio/7.0/toolchain/avr8/avr8-gnu-toolchain/bin/../lib/gcc/avr/4.9.2/../../../../avr/lib/avr5\libc.a(strrev.o)

Memory Configuration

Name             Origin             Length             Attributes
text             0x00000000         0x00020000         xr
data             0x00800060         0x0000ffa0         rw !x
eeprom           0x00810000         0x00010000         rw !x
fuse             0x00820000         0x00000003         rw !x
lock             0x00830000         0x00000400         rw !x
signature        0x00840000         0x00000400         rw !x
user_signatures  0x00850000         0x00000400         rw !x
*default*        0x00000000         0xffffffff

Linker script and memory map

Address of section .data set to 0x800100
LOAD C:/Program Files (x86)/Atmel/Studio/7.0/Packs/atmel/ATmega_DFP/1.1.130/gcc/dev/atmega328p/avr5/crtatmega328p.o
LOAD 1wire/crc8.o
LOAD 1wire/ds18x20.o
LOAD 1wire/onewire.o
LOAD main.o
LOAD uart/uart.o
LOAD uart/uart_addon.o
START GROUP
LOAD c:/program files (x86)/atmel/studio/7.0/toolchain/avr8/avr8-gnu-toolchain/bin/../lib/gcc/avr/4.9.2/../../../../avr/lib/avr5\libm.a
END GROUP
START GROUP
LOAD c:/program files (x86)/atmel/studio/7.0/toolchain/avr8/avr8-gnu-toolchain/bin/../lib/gcc/avr/4.9.2/avr5\libgcc.a
LOAD c:/program files (x86)/atmel/studio/7.0/toolchain/avr8/avr8-gnu-toolchain/bin/../lib/gcc/avr/4.9.2/../../../../avr/lib/avr5\libm.a
LOAD c:/program files (x86)/atmel/studio/7.0/toolchain/avr8/avr8-gnu-toolchain/bin/../lib/gcc/avr/4.9.2/../../../../avr/lib/avr5\libc.a
LOAD C:/Program Files (x86)/Atmel/Studio/7.0/Packs/atmel/ATmega_DFP/1.1.130/gcc/dev/atmega328p/avr5\libatmega328p.a
END GROUP
                0x00020000                __TEXT_REGION_LENGTH__ = DEFINED (__TEXT_REGION_LENGTH__)?__TEXT_REGION_LENGTH__:0x20000
                0x0000ffa0                __DATA_REGION_LENGTH__ = DEFINED (__DATA_REGION_LENGTH__)?__DATA_REGION_LENGTH__:0xffa0
                0x00010000                __EEPROM_REGION_LENGTH__ = DEFINED (__EEPROM_REGION_LENGTH__)?__EEPROM_REGION_LENGTH__:0x10000
                [0x00000003]                __FUSE_REGION_LENGTH__ = DEFINED (__FUSE_REGION_LENGTH__)?__FUSE_REGION_LENGTH__:0x400
                0x00000400                __LOCK_REGION_LENGTH__ = DEFINED (__LOCK_REGION_LENGTH__)?__LOCK_REGION_LENGTH__:0x400
                0x00000400                __SIGNATURE_REGION_LENGTH__ = DEFINED (__SIGNATURE_REGION_LENGTH__)?__SIGNATURE_REGION_LENGTH__:0x400
                0x00000400                __USER_SIGNATURE_REGION_LENGTH__ = DEFINED (__USER_SIGNATURE_REGION_LENGTH__)?__USER_SIGNATURE_REGION_LENGTH__:0x400

.hash
 *(.hash)

.dynsym
 *(.dynsym)

.dynstr
 *(.dynstr)

.gnu.version
 *(.gnu.version)

.gnu.version_d
 *(.gnu.version_d)

.gnu.version_r
 *(.gnu.version_r)

.rel.init
 *(.rel.init)

.rela.init
 *(.rela.init)

.rel.text
 *(.rel.text)
 *(.rel.text.*)
 *(.rel.gnu.linkonce.t*)

.rela.text
 *(.rela.text)
 *(.rela.text.*)
 *(.rela.gnu.linkonce.t*)

.rel.fini
 *(.rel.fini)

.rela.fini
 *(.rela.fini)

.rel.rodata
 *(.rel.rodata)
 *(.rel.rodata.*)
 *(.rel.gnu.linkonce.r*)

.rela.rodata
 *(.rela.rodata)
 *(.rela.rodata.*)
 *(.rela.gnu.linkonce.r*)

.rel.data
 *(.rel.data)
 *(.rel.data.*)
 *(.rel.gnu.linkonce.d*)

.rela.data
 *(.rela.data)
 *(.rela.data.*)
 *(.rela.gnu.linkonce.d*)

.rel.ctors
 *(.rel.ctors)

.rela.ctors
 *(.rela.ctors)

.rel.dtors
 *(.rel.dtors)

.rela.dtors
 *(.rela.dtors)

.rel.got
 *(.rel.got)

.rela.got
 *(.rela.got)

.rel.bss
 *(.rel.bss)

.rela.bss
 *(.rela.bss)

.rel.plt
 *(.rel.plt)

.rela.plt
 *(.rela.plt)

.text           0x00000000     0x12f8
 *(.vectors)
 .vectors       0x00000000       0x68 C:/Program Files (x86)/Atmel/Studio/7.0/Packs/atmel/ATmega_DFP/1.1.130/gcc/dev/atmega328p/avr5/crtatmega328p.o
                0x00000000                __vector_default
                0x00000000                __vectors
 *(.vectors)
 *(.progmem.gcc*)
                0x00000068                . = ALIGN (0x2)
                0x00000068                __trampolines_start = .
 *(.trampolines)
 .trampolines   0x00000068        0x0 linker stubs
 *(.trampolines*)
                0x00000068                __trampolines_end = .
 *libprintf_flt.a:*(.progmem.data)
 *libc.a:*(.progmem.data)
 *(.progmem*)
 .progmem.data.__c.2314
                0x00000068       0x24 1wire/ds18x20.o
 .progmem.data.__c.2201
                0x0000008c        0xb 1wire/ds18x20.o
 .progmem.data.__c.2199
                0x00000097        0xb 1wire/ds18x20.o
 .progmem.data.__c.2194
                0x000000a2        0x6 1wire/ds18x20.o
 .progmem.data.__c.2192
                0x000000a8        0x5 1wire/ds18x20.o
 .progmem.data.__c.2190
                0x000000ad        0x6 1wire/ds18x20.o
 .progmem.data.__c.2188
                0x000000b3        0x6 1wire/ds18x20.o
 .progmem.data.__c.2186
                0x000000b9        0x2 1wire/ds18x20.o
 .progmem.data.__c.2184
                0x000000bb        0x5 1wire/ds18x20.o
 .progmem.data.__c.2182
                0x000000c0        0x5 1wire/ds18x20.o
 .progmem.data.__c.2180
                0x000000c5        0x4 1wire/ds18x20.o
 .progmem.data.__c.2386
                0x000000c9        0xc main.o
 .progmem.data.__c.2383
                0x000000d5       0x12 main.o
 .progmem.data.__c.2381
                0x000000e7       0x1d main.o
 .progmem.data.__c.2342
                0x00000104        0xb main.o
 .progmem.data.__c.2340
                0x0000010f        0xb main.o
 .progmem.data.__c.2338
                0x0000011a        0x9 main.o
 .progmem.data.__c.2336
                0x00000123        0xb main.o
 .progmem.data.__c.2334
                0x0000012e        0x8 main.o
 .progmem.data.__c.2332
                0x00000136        0x7 main.o
 .progmem.data.__c.2330
                0x0000013d        0xf main.o
 .progmem.data.__c.2328
                0x0000014c        0x7 main.o
 .progmem.data.__c.2326
                0x00000153        0x9 main.o
 .progmem.data.__c.2321
                0x0000015c        0x3 main.o
 .progmem.data.__c.2319
                0x0000015f        0x4 main.o
 .progmem.data.__c.2317
                0x00000163        0xb main.o
 .progmem.data.__c.2315
                0x0000016e       0x20 main.o
 .progmem.data.__c.2313
                0x0000018e       0x2c main.o
 .progmem.data.__c.2311
                0x000001ba       0x30 main.o
                0x000001ea                . = ALIGN (0x2)
 *(.jumptables)
 *(.jumptables*)
 *(.lowtext)
 *(.lowtext*)
                0x000001ea                __ctors_start = .
 *(.ctors)
                0x000001ea                __ctors_end = .
                0x000001ea                __dtors_start = .
 *(.dtors)
                0x000001ea                __dtors_end = .
 SORT(*)(.ctors)
 SORT(*)(.dtors)
 *(.init0)
 .init0         0x000001ea        0x0 C:/Program Files (x86)/Atmel/Studio/7.0/Packs/atmel/ATmega_DFP/1.1.130/gcc/dev/atmega328p/avr5/crtatmega328p.o
                0x000001ea                __init
 *(.init0)
 *(.init1)
 *(.init1)
 *(.init2)
 .init2         0x000001ea        0xc C:/Program Files (x86)/Atmel/Studio/7.0/Packs/atmel/ATmega_DFP/1.1.130/gcc/dev/atmega328p/avr5/crtatmega328p.o
 *(.init2)
 *(.init3)
 *(.init3)
 *(.init4)
 .init4         0x000001f6       0x16 c:/program files (x86)/atmel/studio/7.0/toolchain/avr8/avr8-gnu-toolchain/bin/../lib/gcc/avr/4.9.2/avr5\libgcc.a(_copy_data.o)
                0x000001f6                __do_copy_data
 .init4         0x0000020c       0x10 c:/program files (x86)/atmel/studio/7.0/toolchain/avr8/avr8-gnu-toolchain/bin/../lib/gcc/avr/4.9.2/avr5\libgcc.a(_clear_bss.o)
                0x0000020c                __do_clear_bss
 *(.init4)
 *(.init5)
 *(.init5)
 *(.init6)
 *(.init6)
 *(.init7)
 *(.init7)
 *(.init8)
 *(.init8)
 *(.init9)
 .init9         0x0000021c        0x8 C:/Program Files (x86)/Atmel/Studio/7.0/Packs/atmel/ATmega_DFP/1.1.130/gcc/dev/atmega328p/avr5/crtatmega328p.o
 *(.init9)
 *(.text)
 .text          0x00000224        0x4 C:/Program Files (x86)/Atmel/Studio/7.0/Packs/atmel/ATmega_DFP/1.1.130/gcc/dev/atmega328p/avr5/crtatmega328p.o
                0x00000224                __vector_22
                0x00000224                __vector_1
                0x00000224                __vector_24
                0x00000224                __vector_12
                0x00000224                __bad_interrupt
                0x00000224                __vector_3
                0x00000224                __vector_23
                0x00000224                __vector_25
                0x00000224                __vector_13
                0x00000224                __vector_17
                0x00000224                __vector_7
                0x00000224                __vector_5
                0x00000224                __vector_4
                0x00000224                __vector_9
                0x00000224                __vector_2
                0x00000224                __vector_21
                0x00000224                __vector_15
                0x00000224                __vector_8
                0x00000224                __vector_10
                0x00000224                __vector_16
                0x00000224                __vector_20
                0x00000228                . = ALIGN (0x2)
 *(.text.*)
 .text.crc8     0x00000228       0x3a 1wire/crc8.o
                0x00000228                crc8
 .text.DS18X20_raw_to_decicelsius
                0x00000262      0x12e 1wire/ds18x20.o
 .text.read_scratchpad
                0x00000390       0x52 1wire/ds18x20.o
 .text.DS18X20_show_id_uart
                0x000003e2      0x128 1wire/ds18x20.o
                0x000003e2                DS18X20_show_id_uart
 .text.DS18X20_find_sensor
                0x0000050a       0x44 1wire/ds18x20.o
                0x0000050a                DS18X20_find_sensor
 .text.DS18X20_get_power_status
                0x0000054e       0x2c 1wire/ds18x20.o
                0x0000054e                DS18X20_get_power_status
 .text.DS18X20_start_meas
                0x0000057a       0x44 1wire/ds18x20.o
                0x0000057a                DS18X20_start_meas
 .text.DS18X20_read_decicelsius_single
                0x000005be       0x64 1wire/ds18x20.o
                0x000005be                DS18X20_read_decicelsius_single
 .text.ow_input_pin_state
                0x00000622       0x12 1wire/onewire.o
                0x00000622                ow_input_pin_state
 .text.ow_parasite_enable
                0x00000634       0x26 1wire/onewire.o
                0x00000634                ow_parasite_enable
 .text.ow_bit_io_intern
                0x0000065a       0x8c 1wire/onewire.o
 .text.ow_reset
                0x000006e6       0x8c 1wire/onewire.o
                0x000006e6                ow_reset
 .text.ow_set_bus
                0x00000772       0x2c 1wire/onewire.o
                0x00000772                ow_set_bus
 .text.ow_bit_io
                0x0000079e        0xa 1wire/onewire.o
                0x0000079e                ow_bit_io
 .text.ow_byte_wr
                0x000007a8       0x22 1wire/onewire.o
                0x000007a8                ow_byte_wr
 .text.ow_byte_wr_with_parasite_enable
                0x000007ca       0x3c 1wire/onewire.o
                0x000007ca                ow_byte_wr_with_parasite_enable
 .text.ow_command_intern
                0x00000806       0x5a 1wire/onewire.o
 .text.ow_byte_rd
                0x00000860        0x8 1wire/onewire.o
                0x00000860                ow_byte_rd
 .text.ow_rom_search
                0x00000868       0xb4 1wire/onewire.o
                0x00000868                ow_rom_search
 .text.ow_command
                0x0000091c        0x8 1wire/onewire.o
                0x0000091c                ow_command
 .text.ow_command_with_parasite_enable
                0x00000924        0x8 1wire/onewire.o
                0x00000924                ow_command_with_parasite_enable
 .text.search_sensors
                0x0000092c       0x80 main.o
 .text.__vector_11
                0x000009ac       0x4a main.o
                0x000009ac                __vector_11
 .text.__vector_6
                0x000009f6       0x34 main.o
                0x000009f6                __vector_6
 .text.readTempForOnlyDS18b20
                0x00000a2a       0x68 main.o
                0x00000a2a                readTempForOnlyDS18b20
 .text.millis   0x00000a92       0x16 main.o
                0x00000a92                millis
 .text.initWDT  0x00000aa8       0x22 main.o
                0x00000aa8                initWDT
 .text.disableWDT
                0x00000aca       0x24 main.o
                0x00000aca                disableWDT
 .text.handleError
                0x00000aee       0x54 main.o
                0x00000aee                handleError
 .text.initButton
                0x00000b42        0xe main.o
                0x00000b42                initButton
 .text.initDisplay
                0x00000b50       0x14 main.o
                0x00000b50                initDisplay
 .text.initTimer1
                0x00000b64       0x34 main.o
                0x00000b64                initTimer1
 .text.initTimer0
                0x00000b98       0x20 main.o
                0x00000b98                initTimer0
 .text.getButtonState
                0x00000bb8       0xbc main.o
                0x00000bb8                getButtonState
 .text.setNumber
                0x00000c74       0x5c main.o
                0x00000c74                setNumber
 .text.__vector_14
                0x00000cd0       0xa4 main.o
                0x00000cd0                __vector_14
 .text.convertTempToDigit
                0x00000d74      0x108 main.o
                0x00000d74                convertTempToDigit
 .text.main     0x00000e7c      0x24a main.o
                0x00000e7c                main
 .text.__vector_18
                0x000010c6       0x56 uart/uart.o
                0x000010c6                __vector_18
 .text.__vector_19
                0x0000111c       0x54 uart/uart.o
                0x0000111c                __vector_19
 .text.uart_init
                0x00001170       0x32 uart/uart.o
                0x00001170                uart_init
 .text.uart_putc
                0x000011a2       0x2a uart/uart.o
                0x000011a2                uart_putc
 .text.uart_puts
                0x000011cc       0x1e uart/uart.o
                0x000011cc                uart_puts
 .text.uart_puts_p
                0x000011ea       0x24 uart/uart.o
                0x000011ea                uart_puts_p
 .text.uart_put_int
                0x0000120e       0x36 uart/uart_addon.o
                0x0000120e                uart_put_int
 .text.uart_puthex_nibble
                0x00001244       0x12 uart/uart_addon.o
                0x00001244                uart_puthex_nibble
 .text.uart_puthex_byte
                0x00001256       0x16 uart/uart_addon.o
                0x00001256                uart_puthex_byte
 .text.libgcc.mul
                0x0000126c       0x1e c:/program files (x86)/atmel/studio/7.0/toolchain/avr8/avr8-gnu-toolchain/bin/../lib/gcc/avr/4.9.2/avr5\libgcc.a(_umulhisi3.o)
                0x0000126c                __umulhisi3
 .text.avr-libc
                0x0000128a       0x16 c:/program files (x86)/atmel/studio/7.0/toolchain/avr8/avr8-gnu-toolchain/bin/../lib/gcc/avr/4.9.2/../../../../avr/lib/avr5\libc.a(itoa_ncheck.o)
                0x0000128a                __itoa_ncheck
 .text.avr-libc
                0x000012a0       0x34 c:/program files (x86)/atmel/studio/7.0/toolchain/avr8/avr8-gnu-toolchain/bin/../lib/gcc/avr/4.9.2/../../../../avr/lib/avr5\libc.a(utoa_ncheck.o)
                0x000012a0                __utoa_ncheck
                0x000012a2                __utoa_common
 .text.avr-libc
                0x000012d4       0x20 c:/program files (x86)/atmel/studio/7.0/toolchain/avr8/avr8-gnu-toolchain/bin/../lib/gcc/avr/4.9.2/../../../../avr/lib/avr5\libc.a(strrev.o)
                0x000012d4                strrev
                0x000012f4                . = ALIGN (0x2)
 *(.fini9)
 .fini9         0x000012f4        0x0 c:/program files (x86)/atmel/studio/7.0/toolchain/avr8/avr8-gnu-toolchain/bin/../lib/gcc/avr/4.9.2/avr5\libgcc.a(_exit.o)
                0x000012f4                _exit
                0x000012f4                exit
 *(.fini9)
 *(.fini8)
 *(.fini8)
 *(.fini7)
 *(.fini7)
 *(.fini6)
 *(.fini6)
 *(.fini5)
 *(.fini5)
 *(.fini4)
 *(.fini4)
 *(.fini3)
 *(.fini3)
 *(.fini2)
 *(.fini2)
 *(.fini1)
 *(.fini1)
 *(.fini0)
 .fini0         0x000012f4        0x4 c:/program files (x86)/atmel/studio/7.0/toolchain/avr8/avr8-gnu-toolchain/bin/../lib/gcc/avr/4.9.2/avr5\libgcc.a(_exit.o)
 *(.fini0)
                0x000012f8                _etext = .

.data           0x00800100       0x2a load address 0x000012f8
                0x00800100                PROVIDE (__data_start, .)
 *(.data)
 *(.data*)
 .data.buttonMask
                0x00800100        0x2 main.o
                0x00800100                buttonMask
 .data.buttonPrefState
                0x00800102        0x2 main.o
                0x00800102                buttonPrefState
 .data.digit    0x00800104        0x4 main.o
                0x00800104                digit
 .data.number   0x00800108       0x22 main.o
                0x00800108                number
 *(.rodata)
 *(.rodata*)
 *(.gnu.linkonce.d*)
                0x0080012a                . = ALIGN (0x2)
                0x0080012a                _edata = .
                0x0080012a                PROVIDE (__data_end, .)

.bss            0x0080012a       0x75
                0x0080012a                PROVIDE (__bss_start, .)
 *(.bss)
 *(.bss*)
 .bss.temp      0x0080012a        0x1 main.o
 .bss.err       0x0080012b        0x1 main.o
 .bss.milliseconds_since
                0x0080012c        0x4 main.o
 .bss.timer1_millis
                0x00800130        0x4 main.o
 .bss.buttonStateOFF
                0x00800134        0x2 main.o
                0x00800134                buttonStateOFF
 .bss.buttonStateON
                0x00800136        0x2 main.o
                0x00800136                buttonStateON
 .bss.lastDebounceTime
                0x00800138        0x8 main.o
                0x00800138                lastDebounceTime
 .bss.buttonDebounceState
                0x00800140        0x2 main.o
                0x00800140                buttonDebounceState
 .bss.heatStatus
                0x00800142        0x1 main.o
 .bss.mode      0x00800143        0x1 main.o
 .bss.decicelsius
                0x00800144        0x2 main.o
 .bss.counterDigit
                0x00800146        0x1 main.o
 .bss.temperature
                0x00800147        0x4 main.o
 .bss.UART_LastRxError
                0x0080014b        0x1 uart/uart.o
 .bss.UART_RxTail
                0x0080014c        0x1 uart/uart.o
 .bss.UART_RxHead
                0x0080014d        0x1 uart/uart.o
 .bss.UART_TxTail
                0x0080014e        0x1 uart/uart.o
 .bss.UART_TxHead
                0x0080014f        0x1 uart/uart.o
 .bss.UART_RxBuf
                0x00800150       0x20 uart/uart.o
 .bss.UART_TxBuf
                0x00800170       0x20 uart/uart.o
 *(COMMON)
 COMMON         0x00800190        0x7 1wire/onewire.o
                0x00800190                OW_OUT
                0x00800192                OW_PIN_MASK
                0x00800193                OW_IN
                0x00800195                OW_DDR
 COMMON         0x00800197        0x8 main.o
                0x00800197                gSensorIDs
                0x0080019f                PROVIDE (__bss_end, .)
                0x000012f8                __data_load_start = LOADADDR (.data)
                0x00001322                __data_load_end = (__data_load_start + SIZEOF (.data))

.noinit         0x0080019f        0x0
                [!provide]                PROVIDE (__noinit_start, .)
 *(.noinit*)
                [!provide]                PROVIDE (__noinit_end, .)
                0x0080019f                _end = .
                [!provide]                PROVIDE (__heap_start, .)

.eeprom         0x00810000        0x0
 *(.eeprom*)
                0x00810000                __eeprom_end = .

.fuse
 *(.fuse)
 *(.lfuse)
 *(.hfuse)
 *(.efuse)

.lock
 *(.lock*)

.signature
 *(.signature*)

.user_signatures
 *(.user_signatures*)

.stab
 *(.stab)

.stabstr
 *(.stabstr)

.stab.excl
 *(.stab.excl)

.stab.exclstr
 *(.stab.exclstr)

.stab.index
 *(.stab.index)

.stab.indexstr
 *(.stab.indexstr)

.comment        0x00000000       0x30
 *(.comment)
 .comment       0x00000000       0x30 1wire/crc8.o
                                 0x31 (size before relaxing)
 .comment       0x00000030       0x31 1wire/ds18x20.o
 .comment       0x00000030       0x31 1wire/onewire.o
 .comment       0x00000030       0x31 main.o
 .comment       0x00000030       0x31 uart/uart.o
 .comment       0x00000030       0x31 uart/uart_addon.o

.note.gnu.avr.deviceinfo
                0x00000000       0x40
 .note.gnu.avr.deviceinfo
                0x00000000       0x40 C:/Program Files (x86)/Atmel/Studio/7.0/Packs/atmel/ATmega_DFP/1.1.130/gcc/dev/atmega328p/avr5/crtatmega328p.o

.note.gnu.build-id
 *(.note.gnu.build-id)

.debug
 *(.debug)

.line
 *(.line)

.debug_srcinfo
 *(.debug_srcinfo)

.debug_sfnames
 *(.debug_sfnames)

.debug_aranges  0x00000000      0x2a8
 *(.debug_aranges)
 .debug_aranges
                0x00000000       0x20 1wire/crc8.o
 .debug_aranges
                0x00000020       0xb0 1wire/ds18x20.o
 .debug_aranges
                0x000000d0       0x88 1wire/onewire.o
 .debug_aranges
                0x00000158       0xb0 main.o
 .debug_aranges
                0x00000208       0x50 uart/uart.o
 .debug_aranges
                0x00000258       0x50 uart/uart_addon.o

.debug_pubnames
 *(.debug_pubnames)

.debug_info     0x00000000     0x4080
 *(.debug_info .gnu.linkonce.wi.*)
 .debug_info    0x00000000      0x5f4 C:/Program Files (x86)/Atmel/Studio/7.0/Packs/atmel/ATmega_DFP/1.1.130/gcc/dev/atmega328p/avr5/crtatmega328p.o
 .debug_info    0x000005f4      0x104 1wire/crc8.o
 .debug_info    0x000006f8     0x186f 1wire/ds18x20.o
 .debug_info    0x00001f67      0x81e 1wire/onewire.o
 .debug_info    0x00002785     0x104f main.o
 .debug_info    0x000037d4      0x2ef uart/uart.o
 .debug_info    0x00003ac3      0x5bd uart/uart_addon.o

.debug_abbrev   0x00000000     0x13cd
 *(.debug_abbrev)
 .debug_abbrev  0x00000000      0x5a2 C:/Program Files (x86)/Atmel/Studio/7.0/Packs/atmel/ATmega_DFP/1.1.130/gcc/dev/atmega328p/avr5/crtatmega328p.o
 .debug_abbrev  0x000005a2       0x8b 1wire/crc8.o
 .debug_abbrev  0x0000062d      0x3be 1wire/ds18x20.o
 .debug_abbrev  0x000009eb      0x28d 1wire/onewire.o
 .debug_abbrev  0x00000c78      0x449 main.o
 .debug_abbrev  0x000010c1      0x158 uart/uart.o
 .debug_abbrev  0x00001219      0x1b4 uart/uart_addon.o

.debug_line     0x00000000     0x1f94
 *(.debug_line .debug_line.* .debug_line_end)
 .debug_line    0x00000000      0x133 C:/Program Files (x86)/Atmel/Studio/7.0/Packs/atmel/ATmega_DFP/1.1.130/gcc/dev/atmega328p/avr5/crtatmega328p.o
 .debug_line    0x00000133       0xf5 1wire/crc8.o
 .debug_line    0x00000228      0xbd5 1wire/ds18x20.o
 .debug_line    0x00000dfd      0x4b0 1wire/onewire.o
 .debug_line    0x000012ad      0x8ff main.o
 .debug_line    0x00001bac      0x223 uart/uart.o
 .debug_line    0x00001dcf      0x1c5 uart/uart_addon.o

.debug_frame    0x00000000      0x918
 *(.debug_frame)
 .debug_frame   0x00000000       0x24 1wire/crc8.o
 .debug_frame   0x00000024      0x380 1wire/ds18x20.o
 .debug_frame   0x000003a4      0x15c 1wire/onewire.o
 .debug_frame   0x00000500      0x258 main.o
 .debug_frame   0x00000758       0xe0 uart/uart.o
 .debug_frame   0x00000838       0xe0 uart/uart_addon.o

.debug_str      0x00000000      0xbff
 *(.debug_str)
 .debug_str     0x00000000      0x208 C:/Program Files (x86)/Atmel/Studio/7.0/Packs/atmel/ATmega_DFP/1.1.130/gcc/dev/atmega328p/avr5/crtatmega328p.o
 .debug_str     0x00000208      0x185 1wire/crc8.o
                                0x1be (size before relaxing)
 .debug_str     0x0000038d      0x41d 1wire/ds18x20.o
                                0x5dc (size before relaxing)
 .debug_str     0x000007aa       0xd6 1wire/onewire.o
                                0x325 (size before relaxing)
 .debug_str     0x00000880      0x21f main.o
                                0x51b (size before relaxing)
 .debug_str     0x00000a9f       0xc9 uart/uart.o
                                0x26e (size before relaxing)
 .debug_str     0x00000b68       0x97 uart/uart_addon.o
                                0x267 (size before relaxing)

.debug_loc      0x00000000     0x334f
 *(.debug_loc)
 .debug_loc     0x00000000      0x1c0 1wire/crc8.o
 .debug_loc     0x000001c0     0x1b5f 1wire/ds18x20.o
 .debug_loc     0x00001d1f      0x68f 1wire/onewire.o
 .debug_loc     0x000023ae      0x8e6 main.o
 .debug_loc     0x00002c94      0x334 uart/uart.o
 .debug_loc     0x00002fc8      0x387 uart/uart_addon.o

.debug_macinfo
 *(.debug_macinfo)

.debug_weaknames
 *(.debug_weaknames)

.debug_funcnames
 *(.debug_funcnames)

.debug_typenames
 *(.debug_typenames)

.debug_varnames
 *(.debug_varnames)

.debug_pubtypes
 *(.debug_pubtypes)

.debug_ranges   0x00000000      0x318
 *(.debug_ranges)
 .debug_ranges  0x00000000       0x10 1wire/crc8.o
 .debug_ranges  0x00000010      0x128 1wire/ds18x20.o
 .debug_ranges  0x00000138       0x90 1wire/onewire.o
 .debug_ranges  0x000001c8       0xb8 main.o
 .debug_ranges  0x00000280       0x58 uart/uart.o
 .debug_ranges  0x000002d8       0x40 uart/uart_addon.o

.debug_macro
 *(.debug_macro)
OUTPUT(1wire_martin_tom.elf elf32-avr)
LOAD linker stubs
